---
source: src/main.rs
expression: terminal.backend()
---
"┏━━━━━━━━━━━━━━━━━━━━━━━━━━━ FleetSync Dispatch Hub ━━━━━━━━━━━━━━━━━━━━━━━━━━━┓"
"┃                Welcome, please login as a Driver or Dispatcher               ┃"
"┃                                                                              ┃"
"┃                                                                              ┃"
"┃                                                                              ┃"
"┃                                                                              ┃"
"┃                                                                              ┃"
"┃                                                                              ┃"
"┃                                                                              ┃"
"┃                                                                              ┃"
"┃                                                                              ┃"
"┃                                                                              ┃"
"┃                                                                              ┃"
"┃                                                                              ┃"
"┃                                                                              ┃"
"┃                                                                              ┃"
"┃                                                                              ┃"
"┃                                                                              ┃"
"┃                                                                              ┃"
"┗━━━━━━━━━━━━━━━━━━ Dispatcher  <1>  Driver  <2>  Quit  <Q> ━━━━━━━━━━━━━━━━━━━┛"
