---
source: src/app.rs
expression: terminal.backend()
---
"┌──────────────────────────────────────────────────────────────────────────────┐"
"│Welcome to FleetSync                                                          │"
"└──────────────────────────────────────────────────────────────────────────────┘"
"                                                                                "
"                                                                                "
"                                                                                "
"                                                                                "
"                                                                                "
"                                                                                "
"                                                                                "
"                                                                                "
"                                                                                "
"                                                                                "
"                                                                                "
"                                                                                "
"                                                                                "
"                                                                                "
"┌──────────────────────────────────────┐┌──────────────────────────────────────┐"
"│Main Menu                             ││(q) to quit/ (1) login as driver / (2)│"
"└──────────────────────────────────────┘└──────────────────────────────────────┘"
